
> ats-temp@0.1.0 dev
> next dev

▲ Next.js 16.2.6 (Turbopack)
- Local:         http://localhost:3000
- Network:       http://192.168.0.2:3000
✓ Ready in 537ms

○ Compiling /recruiter-login ...
 GET /recruiter-login 200 in 4.9s (next.js: 4.5s, application-code: 476ms)
[browser] Image with src "/logo.png" has either width or height modified, but not the other. If you use CSS to change the size of your image, also include the styles 'width: "auto"' or 'height: "auto"' to maintain the aspect ratio.
[browser] Image with src "/logo.png" was detected as the Largest Contentful Paint (LCP). Please add the `loading="eager"` property if this image is above the fold.
Read more: https://nextjs.org/docs/app/api-reference/components/image#loading
[next-auth][warn][NEXTAUTH_URL]
https://next-auth.js.org/warnings#nextauth_url
[next-auth][warn][NO_SECRET]
https://next-auth.js.org/warnings#no_secret
 GET /api/auth/session 200 in 3.1s (next.js: 3.1s, application-code: 43ms)
 GET /recruiter-login 200 in 74ms (next.js: 5ms, application-code: 69ms)
[browser] Image with src "/logo.png" was detected as the Largest Contentful Paint (LCP). Please add the `loading="eager"` property if this image is above the fold.
Read more: https://nextjs.org/docs/app/api-reference/components/image#loading
[browser] Image with src "/logo.png" has either width or height modified, but not the other. If you use CSS to change the size of your image, also include the styles 'width: "auto"' or 'height: "auto"' to maintain the aspect ratio.
 GET /api/auth/session 200 in 52ms (next.js: 35ms, application-code: 17ms)
 GET /api/auth/providers 200 in 39ms (next.js: 24ms, application-code: 15ms)
 GET /api/auth/csrf 200 in 14ms (next.js: 3ms, application-code: 11ms)
 POST /api/auth/callback/credentials 401 in 27ms (next.js: 3ms, application-code: 24ms)
[next-auth][warn][NEXTAUTH_URL]
https://next-auth.js.org/warnings#nextauth_url
[next-auth][warn][NO_SECRET]
https://next-auth.js.org/warnings#no_secret
 GET /recruiter/jobs 307 in 1626ms (next.js: 1379ms, application-code: 247ms)
 GET /recruiter-login 200 in 62ms (next.js: 5ms, application-code: 57ms)
[browser] Image with src "/logo.png" has either width or height modified, but not the other. If you use CSS to change the size of your image, also include the styles 'width: "auto"' or 'height: "auto"' to maintain the aspect ratio.
 GET /api/auth/session 200 in 38ms (next.js: 28ms, application-code: 10ms)
[browser] Image with src "/logo.png" was detected as the Largest Contentful Paint (LCP). Please add the `loading="eager"` property if this image is above the fold.
Read more: https://nextjs.org/docs/app/api-reference/components/image#loading
 GET /recruiter-login 200 in 86ms (next.js: 6ms, application-code: 80ms)
[browser] Image with src "/logo.png" was detected as the Largest Contentful Paint (LCP). Please add the `loading="eager"` property if this image is above the fold.
Read more: https://nextjs.org/docs/app/api-reference/components/image#loading
[browser] Image with src "/logo.png" has either width or height modified, but not the other. If you use CSS to change the size of your image, also include the styles 'width: "auto"' or 'height: "auto"' to maintain the aspect ratio.
 GET /api/auth/session 200 in 40ms (next.js: 27ms, application-code: 14ms)
 GET /api/auth/providers 200 in 37ms (next.js: 23ms, application-code: 14ms)
 GET /api/auth/csrf 200 in 25ms (next.js: 3ms, application-code: 22ms)
 POST /api/auth/callback/credentials 401 in 20ms (next.js: 4ms, application-code: 16ms)
 GET /recruiter/jobs 307 in 186ms (next.js: 4ms, application-code: 181ms)
 GET /recruiter-login 200 in 66ms (next.js: 3ms, application-code: 63ms)
 GET /api/auth/session 200 in 76ms (next.js: 49ms, application-code: 27ms)
[browser] Image with src "/logo.png" has either width or height modified, but not the other. If you use CSS to change the size of your image, also include the styles 'width: "auto"' or 'height: "auto"' to maintain the aspect ratio.
[browser] Image with src "/logo.png" was detected as the Largest Contentful Paint (LCP). Please add the `loading="eager"` property if this image is above the fold.
Read more: https://nextjs.org/docs/app/api-reference/components/image#loading
 GET /login 200 in 657ms (next.js: 593ms, application-code: 65ms)
[browser] Image with src "/logo.png" was detected as the Largest Contentful Paint (LCP). Please add the `loading="eager"` property if this image is above the fold.
Read more: https://nextjs.org/docs/app/api-reference/components/image#loading
[browser] Image with src "/logo.png" has either width or height modified, but not the other. If you use CSS to change the size of your image, also include the styles 'width: "auto"' or 'height: "auto"' to maintain the aspect ratio.
 GET /api/auth/session 200 in 41ms (next.js: 28ms, application-code: 13ms)
